// Jest Snapshot v1, https://goo.gl/fbAQLP

exports[`Should match snapshot 1`] = `
<li
  className="movie-item"
>
  <button
    onClick={[Function]}
  >
    ðŸ—‘
  </button>
  Â 
  Een
</li>
`;
